// Jest Snapshot v1, https://goo.gl/fbAQLP

exports[`<App /> with props should match the snapshot 1`] = `"<div class=\\"app\\"><header class=\\"app-header\\"><div class=\\"container\\"><div class=\\"row\\"><div class=\\"col col-7\\"><img src=\\"spacex-logo.png\\" class=\\"logo inline bot\\" alt=\\"logo\\"/><h1 class=\\"page-title uppercase inline bot\\">Launches</h1></div><div class=\\"col col-5\\"><button class=\\"btn pull-right reload-btn\\">Reload Data <img src=\\"refresh.png\\" class=\\"icon\\" alt=\\"refresh data\\"/></button></div></div></div></header><div class=\\"container\\"><div class=\\"row\\"><div class=\\"col col-5 left-image-rocket\\"><img src=\\"launch-home.png\\" class=\\"spacex-image\\" alt=\\"space x shuttle\\"/></div><section class=\\"col col-6 launch-data\\"><div class=\\"list-controls align-right\\"><div class=\\"relative inline\\"><button class=\\"btn\\">Filter by Year <img src=\\"select.png\\" class=\\"icon\\" alt=\\"select year\\"/></button></div><button class=\\"btn ml-1\\">Sort Descending <img src=\\"sort.png\\" class=\\"icon\\" alt=\\"sort data\\"/></button></div><div>Loading...</div></section></div></div></div>"`;
